stm32f0xx_hal_spi.c:316:19:HAL_SPI_Init	24	static
stm32f0xx_hal_spi.c:491:19:HAL_SPI_DeInit	16	static
stm32f0xx_hal_spi.c:535:13:HAL_SPI_MspInit	16	static
stm32f0xx_hal_spi.c:551:13:HAL_SPI_MspDeInit	16	static
stm32f0xx_hal_spi.c:823:19:HAL_SPI_Transmit	40	static
stm32f0xx_hal_spi.c:988:19:HAL_SPI_Receive	48	static
stm32f0xx_hal_spi.c:1215:19:HAL_SPI_TransmitReceive	48	static
stm32f0xx_hal_spi.c:1479:19:HAL_SPI_Transmit_IT	32	static
stm32f0xx_hal_spi.c:1564:19:HAL_SPI_Receive_IT	32	static
stm32f0xx_hal_spi.c:1671:19:HAL_SPI_TransmitReceive_IT	32	static
stm32f0xx_hal_spi.c:1780:19:HAL_SPI_Transmit_DMA	32	static
stm32f0xx_hal_spi.c:1905:19:HAL_SPI_Receive_DMA	40	static
stm32f0xx_hal_spi.c:2059:19:HAL_SPI_TransmitReceive_DMA	40	static
stm32f0xx_hal_spi.c:2261:19:HAL_SPI_Abort	48	static
stm32f0xx_hal_spi.c:2421:19:HAL_SPI_Abort_IT	40	static
stm32f0xx_hal_spi.c:2582:19:HAL_SPI_DMAPause	16	static
stm32f0xx_hal_spi.c:2602:19:HAL_SPI_DMAResume	16	static
stm32f0xx_hal_spi.c:2622:19:HAL_SPI_DMAStop	24	static
stm32f0xx_hal_spi.c:2662:6:HAL_SPI_IRQHandler	40	static
stm32f0xx_hal_spi.c:2769:13:HAL_SPI_TxCpltCallback	16	static
stm32f0xx_hal_spi.c:2785:13:HAL_SPI_RxCpltCallback	16	static
stm32f0xx_hal_spi.c:2801:13:HAL_SPI_TxRxCpltCallback	16	static
stm32f0xx_hal_spi.c:2817:13:HAL_SPI_TxHalfCpltCallback	16	static
stm32f0xx_hal_spi.c:2833:13:HAL_SPI_RxHalfCpltCallback	16	static
stm32f0xx_hal_spi.c:2849:13:HAL_SPI_TxRxHalfCpltCallback	16	static
stm32f0xx_hal_spi.c:2865:13:HAL_SPI_ErrorCallback	16	static
stm32f0xx_hal_spi.c:2883:13:HAL_SPI_AbortCpltCallback	16	static
stm32f0xx_hal_spi.c:2918:22:HAL_SPI_GetState	16	static
stm32f0xx_hal_spi.c:2930:10:HAL_SPI_GetError	16	static
stm32f0xx_hal_spi.c:2955:13:SPI_DMATransmitCplt	32	static
stm32f0xx_hal_spi.c:3012:13:SPI_DMAReceiveCplt	24	static
stm32f0xx_hal_spi.c:3116:13:SPI_DMATransmitReceiveCplt	24	static
stm32f0xx_hal_spi.c:3205:13:SPI_DMAHalfTransmitCplt	24	static
stm32f0xx_hal_spi.c:3223:13:SPI_DMAHalfReceiveCplt	24	static
stm32f0xx_hal_spi.c:3241:13:SPI_DMAHalfTransmitReceiveCplt	24	static
stm32f0xx_hal_spi.c:3259:13:SPI_DMAError	24	static
stm32f0xx_hal_spi.c:3282:13:SPI_DMAAbortOnError	24	static
stm32f0xx_hal_spi.c:3304:13:SPI_DMATxAbortCallback	40	static
stm32f0xx_hal_spi.c:3370:13:SPI_DMARxAbortCallback	40	static
stm32f0xx_hal_spi.c:3435:13:SPI_2linesRxISR_8BIT	16	static
stm32f0xx_hal_spi.c:3513:13:SPI_2linesTxISR_8BIT	16	static
stm32f0xx_hal_spi.c:3560:13:SPI_2linesRxISR_16BIT	16	static
stm32f0xx_hal_spi.c:3612:13:SPI_2linesTxISR_16BIT	16	static
stm32f0xx_hal_spi.c:3670:13:SPI_RxISR_8BIT	16	static
stm32f0xx_hal_spi.c:3722:13:SPI_RxISR_16BIT	16	static
stm32f0xx_hal_spi.c:3755:13:SPI_TxISR_8BIT	16	static
stm32f0xx_hal_spi.c:3780:13:SPI_TxISR_16BIT	16	static
stm32f0xx_hal_spi.c:3810:26:SPI_WaitFlagStateUntilTimeout	40	static
stm32f0xx_hal_spi.c:3879:26:SPI_WaitFifoStateUntilTimeout	40	static
stm32f0xx_hal_spi.c:3952:26:SPI_EndRxTransaction	32	static
stm32f0xx_hal_spi.c:3988:26:SPI_EndRxTxTransaction	32	static
stm32f0xx_hal_spi.c:4020:13:SPI_CloseRxTx_ISR	24	static
stm32f0xx_hal_spi.c:4097:13:SPI_CloseRx_ISR	16	static
stm32f0xx_hal_spi.c:4154:13:SPI_CloseTx_ISR	24	static
stm32f0xx_hal_spi.c:4203:13:SPI_AbortRx_ISR	32	static
stm32f0xx_hal_spi.c:4247:13:SPI_AbortTx_ISR	32	static
